// Jest Snapshot v1, https://goo.gl/fbAQLP

exports[`characters reducer should return the initial state 1`] = `
Object {
  "characters": Array [],
  "episodes": Array [],
  "locations": Array [],
}
`;
